// Jest Snapshot v1, https://goo.gl/fbAQLP

exports[`matches snapshot 1`] = `
<DocumentFragment>
  <div
    class="box"
  >
    Box 
    <div>
      <button>
        Remove This Box!
      </button>
    </div>
  </div>
</DocumentFragment>
`;
