// Jest Snapshot v1, https://goo.gl/fbAQLP

exports[`matches snapshot 1`] = `
<DocumentFragment>
  <div>
    <form>
      <label
        for="width"
      >
        New Box
      </label>
      <input
        id="width"
        name="width"
        placeholder="Box Width"
        type="number"
        value=""
      />
      <label
        for="height"
      >
        Height
      </label>
      <input
        id="height"
        name="height"
        placeholder="Box height"
        type="number"
        value=""
      />
      <label
        for="backgroundColor"
      >
        Color
      </label>
      <input
        id="backgroundColor"
        name="backgroundColor"
        placeholder="Box Color"
        type="text"
        value=""
      />
      <button>
        Add Box
      </button>
    </form>
    <div />
  </div>
</DocumentFragment>
`;
